// Jest Snapshot v1, https://goo.gl/fbAQLP

exports[`Descriptions component should match snapshot 1`] = `
<styled.div>
  <styled.div>
    <h2>
      some title
    </h2>
  </styled.div>
  <styled.div>
    <Item
      label="label 1"
    >
      value 1
    </Item>
    <Item
      label="label 2"
    >
      value 2
    </Item>
  </styled.div>
</styled.div>
`;
