// Jest Snapshot v1, https://goo.gl/fbAQLP

exports[`Layout component should match snapshot 1`] = `
<styled.div>
  <styled.div>
    <h2>
      Ravn Star Wars Registry
    </h2>
  </styled.div>
  <div>
    123
  </div>
</styled.div>
`;
